// Jest Snapshot v1, https://goo.gl/fbAQLP

exports[`Component default snapshot 1`] = `<v-hover />`;

exports[`v-select emit 3 1`] = `<v-hover />`;
