// Jest Snapshot v1, https://goo.gl/fbAQLP

exports[`Component default snapshot 1`] = `
<v-text-field-stub
  class="container"
  required=""
  rules="v => !!v || \\"Field is required\\""
/>
`;
